../Core/Src/tim.c:34:6:MX_TIM2_Init	64	static
../Core/Src/tim.c:88:6:MX_TIM3_Init	32	static
../Core/Src/tim.c:128:6:MX_TIM5_Init	48	static
../Core/Src/tim.c:172:6:MX_TIM10_Init	8	static
../Core/Src/tim.c:198:6:MX_TIM11_Init	8	static
../Core/Src/tim.c:224:6:HAL_TIM_Base_MspInit	32	static
../Core/Src/tim.c:281:6:HAL_TIM_PWM_MspInit	24	static
../Core/Src/tim.c:296:6:HAL_TIM_MspPostInit	48	static
../Core/Src/tim.c:344:6:HAL_TIM_Base_MspDeInit	16	static
../Core/Src/tim.c:399:6:HAL_TIM_PWM_MspDeInit	16	static
